D:\CODSOFT\INTERIM>https://github.com/shamruth/INTERIM.git
'https:' is not recognized as an internal or external command,
operable program or batch file.

D:\CODSOFT\INTERIM>git clone https://github.com/shamruth/INTERIM.git
Cloning into 'INTERIM'...
warning: You appear to have cloned an empty repository.

D:\CODSOFT\INTERIM>git config --global user.name "shamruth"

D:\CODSOFT\INTERIM>git config --global user.email "shamruth2822006@gmail.com"

 above codes are cmd codes
 
git add-adds  the current file to git but does not store it

D:\CODSOFT\INTERIM>cd.\INTERIM\

D:\CODSOFT\INTERIM\INTERIM>git add .\process.txt


git commit -m "use conventional commit website message" :-m for message

D:\CODSOFT\INTERIM\INTERIM>git commit -m "feat"
[main (root-commit) e9d90ee] feat
 1 file changed, 20 insertions(+)
 create mode 100644 process.txt


git push origin main/master :origin refers to the https location of repository main/master is the branch we commonly use main

D:\CODSOFT\INTERIM\INTERIM>git push origin main
Enumerating objects: 3, done.
Counting objects: 100% (3/3), done.
Delta compression using up to 6 threads
Compressing objects: 100% (2/2), done.
Writing objects: 100% (3/3), 514 bytes | 257.00 KiB/s, done.
Total 3 (delta 0), reused 0 (delta 0), pack-reused 0 (from 0)
To https://github.com/shamruth/INTERIM.git
 * [new branch]      main -> main

git pull:every changes made in the git hub repository on the cloud can be obtained using git pull command

D:\CODSOFT\INTERIM\INTERIM>git pull
remote: Enumerating objects: 5, done.
remote: Counting objects: 100% (5/5), done.
remote: Compressing objects: 100% (2/2), done.
remote: Total 3 (delta 1), reused 0 (delta 0), pack-reused 0 (from 0)
Unpacking objects: 100% (3/3), 1015 bytes | 112.00 KiB/s, done.
From https://github.com/shamruth/INTERIM
   60b776e..85a77da  main       -> origin/main
Updating 60b776e..85a77da
Fast-forward
 process.txt | 2 ++
 1 file changed, 2 insertions(+)

 git commit -a -m "feat:added pull cmd"

 it adds the commit with commit message a single line alternative code

 git status :shows the status of the git in cmd

On branch main
Your branch is up to date with 'origin/main'.

Changes not staged for commit:
  (use "git add <file>..." to update what will be committed)
  (use "git restore <file>..." to discard changes in working directory)
        modified:   IO.py

no changes added to commit (use "git add" and/or "git commit -a")

git diff: shows what is the difference between two file changes

D:\CODSOFT\INTERIM\INTERIM>git diff
diff --git a/IO.py b/IO.py
index 8576318..b9eaf9b 100644
--- a/IO.py
+++ b/IO.py
@@ -1,3 +1,6 @@
 print("WELCOME TO IO CODE")
-number=int(input("ENTER A NUMBER:"))
-print(number)
+try:
+    number=int(input("ENTER A NUMBER:"))
+    print(number)
+except:
+    number!=(int)
\ No newline at end of file


branch are used when multiple developers are connected with one another and the one file changed is not affected by others

git branch: used to show which branch we are working currently

git checkout -b "new branchname":used to create new branch

git checkout branchname: used to switch branches

after switching branch we need to use additional push command

git push origin "new branch"